20.00153 65.9434 0
20.35016 66.13207 0
20.70487 66.22642 0
21.06577 66.41509 0
21.43295 66.60378 0
21.80653 66.79245 0
22.18663 67.07547 0
22.57335 67.26415 0
22.96681 67.45283 0
23.36713 67.45283 0
23.77443 67.54717 0
24.18883 67.64151 0
24.61045 67.73585 0
25.03942 67.83018 0
25.47586 67.92453 0
25.91991 68.01887 0
26.3717 68.1132 0
26.83137 68.20755 0
27.29905 68.30189 0
27.77489 68.49056 0
28.25901 68.58491 0
28.75158 68.67924 0
29.25273 68.77358 0
29.76262 68.96227 0
30.28139 69.15094 0
30.8092 69.24529 0
31.34621 69.33962 0
31.89259 69.52831 0
32.44849 69.62264 0
33.01408 69.81132 0
33.58953 70 0
34.175 70.18868 0
34.77069 70.28302 0
35.37675 70.47169 0
35.99339 70.66038 0
36.62076 70.84906 0
37.25907 71.03773 0
37.9085 71.13207 0
38.56926 71.32076 0
39.24154 71.41509 0
39.92554 71.50944 0
40.62146 71.69811 0
41.3295 71.79245 0
42.04989 71.8868 0
42.78284 72.07547 0
43.52856 72.16982 0
44.28728 72.26415 0
45.05921 72.45283 0
45.84461 72.54717 0
46.6437 72.64151 0
47.45671 72.92453 0
48.2839 73.1132 0
49.12551 73.30189 0
49.98178 73.49056 0
50.85299 73.67924 0
51.73938 73.86793 0
52.64121 73.96227 0
53.55877 74.0566 0
54.4923 74.24529 0
55.44212 74.52831 0
56.4085 74.71698 0
57.39172 74.90566 0
58.39208 75 0
59.40988 75.18868 0
60.44542 75.28302 0
61.499 75.47169 0
62.57095 75.56604 0
63.66159 75.84906 0
64.77122 76.03773 0
65.9002 76.13207 0
67.04887 76.32076 0
68.21756 76.50944 0
69.40662 76.69811 0
70.6164 76.8868 0
71.84727 77.16982 0
73.09959 77.35849 0
74.37375 77.54717 0
75.67011 77.73585 0
76.98907 77.83018 0
78.33099 78.01887 0
79.69633 78.1132 0
81.08547 78.20755 0
82.49883 78.30189 0
83.93681 78.39622 0
85.39986 78.58491 0
86.88841 78.77358 0
88.40291 78.86793 0
89.94381 79.0566 0
91.51156 79.33962 0
93.10664 79.62264 0
94.7295 79.90566 0
96.38068 80.09434 0
98.06062 80.28302 0
99.76986 80.37736 0
101.5089 80.47169 0
103.2782 80.56604 0
105.0784 80.75471 0
106.91 80.84906 0
108.7734 81.03773 0
110.6694 81.13207 0
112.5984 81.32076 0
114.561 81.41509 0
116.5579 81.60378 0
118.5895 81.69811 0
120.6566 81.8868 0
122.7597 81.98113 0
124.8994 82.07547 0
127.0764 82.16982 0
129.2914 82.26415 0
131.545 82.35849 0
133.8379 82.45283 0
136.1707 82.54717 0
138.5442 82.64151 0
140.9591 82.83018 0
143.4161 83.01887 0
145.9159 83.1132 0
148.4592 83.20755 0
151.047 83.30189 0
153.6797 83.39622 0
156.3584 83.49056 0
159.0838 83.49056 0
161.8567 83.58491 0
164.6779 83.67924 0
167.5484 83.77358 0
170.4688 83.77358 0
173.4401 83.77358 0
176.4633 83.86793 0
179.539 83.86793 0
182.6684 83.86793 0
185.8524 83.96227 0
189.0919 83.96227 0
192.3878 83.96227 0
195.7412 84.0566 0
199.153 84.15094 0
202.6244 84.15094 0
206.1562 84.24529 0
209.7496 84.33962 0
213.4056 84.33962 0
217.1253 84.43396 0
220.9099 84.43396 0
224.7604 84.43396 0
228.6781 84.43396 0
232.664 84.52831 0
236.7195 84.62264 0
240.8456 84.62264 0
245.0436 84.71698 0
249.3148 84.81132 0
253.6605 84.81132 0
258.0817 84.81132 0
262.5802 84.81132 0
267.157 84.90566 0
271.8137 84.90566 0
276.5515 84.90566 0
281.3719 84.90566 0
286.2763 84.90566 0
291.2662 84.90566 0
296.3431 84.90566 0
301.5085 84.90566 0
306.7639 84.90566 0
312.1109 84.90566 0
317.5511 84.90566 0
323.0862 84.90566 0
328.7177 84.81132 0
334.4474 84.71698 0
340.2769 84.62264 0
346.208 84.62264 0
352.2426 84.62264 0
358.3823 84.62264 0
364.6291 84.62264 0
370.9847 84.62264 0
377.4509 84.62264 0
384.03 84.62264 0
390.7238 84.62264 0
397.5342 84.71698 0
404.4634 84.71698 0
411.5134 84.81132 0
418.6862 84.81132 0
425.984 84.90566 0
433.4091 85 0
440.9636 85 0
448.6497 85.09434 0
456.4699 85 0
464.4263 84.90566 0
472.5215 84.90566 0
480.7577 84.81132 0
489.1375 84.71698 0
497.6633 84.62264 0
506.3378 84.62264 0
515.1635 84.71698 0
524.1429 84.81132 0
533.279 84.90566 0
542.5739 85 0
552.0312 85.18868 0
561.6533 85.37736 0
571.4432 85.56604 0
581.4036 85.66038 0
591.5377 85.84906 0
601.8484 86.03773 0
612.3389 85.9434 0
623.0122 85.84906 0
633.8715 85.66038 0
644.9202 85.47169 0
656.1613 85.37736 0
667.5985 85.37736 0
679.235 85.47169 0
691.0743 85.56604 0
703.12 85.66038 0
715.3757 85.75471 0
727.8449 85.84906 0
740.5316 86.03773 0
753.4393 86.13207 0
766.572 86.22642 0
779.9332 86.22642 0
793.5278 86.22642 0
807.3593 86.22642 0
821.4318 86.22642 0
835.7497 86.22642 0
850.3171 86.22642 0
865.1385 86.22642 0
880.2182 86.22642 0
895.5607 86.22642 0
911.1707 86.22642 0
927.0527 86.22642 0
943.2116 86.22642 0
959.6522 86.22642 0
976.3793 86.13207 0
993.3979 86.03773 0
1010.713 85.9434 0
1028.33 85.75471 0
1046.255 85.66038 0
1064.491 85.56604 0
1083.046 85.37736 0
1101.923 85.28302 0
1121.13 85.28302 0
1140.672 85.28302 0
1160.554 85.28302 0
1180.783 85.47169 0
1201.364 85.56604 0
1222.305 85.47169 0
1243.61 85.37736 0
1265.286 85.28302 0
1287.341 85.18868 0
1309.78 85 0
1332.61 84.90566 0
1355.838 84.62264 0
1379.47 84.43396 0
1403.515 84.43396 0
1427.979 84.62264 0
1452.869 84.90566 0
1478.193 85.09434 0
1503.958 85.18868 0
1530.173 85.47169 0
1556.844 85.66038 0
1583.981 85.84906 0
1611.59 85.84906 0
1639.68 85.75471 0
1668.26 85.66038 0
1697.339 85.75471 0
1726.924 85.9434 0
1757.025 86.03773 0
1787.651 86.32076 0
1818.81 86.22642 0
1850.512 86.13207 0
1882.768 86.03773 0
1915.585 86.13207 0
1948.974 86.22642 0
1982.946 86.32076 0
2017.509 86.22642 0
2052.675 86.03773 0
2088.454 85.09434 0
2124.857 84.33962 0
2161.894 83.67924 0
2199.576 83.49056 0
2237.916 83.30189 0
2276.924 83.01887 0
2316.611 82.64151 0
2356.989 82.64151 0
2398.073 82.83018 0
2439.872 83.1132 0
2482.4 83.30189 0
2525.669 83.39622 0
2569.692 83.49056 0
2614.483 83.58491 0
2660.054 83.77358 0
2706.42 83.86793 0
2753.594 84.0566 0
2801.59 84.33962 0
2850.423 84.43396 0
2900.107 84.52831 0
2950.657 84.71698 0
3002.088 85 0
3054.416 85.18868 0
3107.655 85.09434 0
3161.823 85 0
3216.935 84.81132 0
3273.007 84.52831 0
3330.057 84.24529 0
3388.101 83.96227 0
3447.155 83.77358 0
3507.24 83.67924 0
3568.373 83.96227 0
3630.571 84.24529 0
3693.853 84.43396 0
3758.238 84.71698 0
3823.746 84.81132 0
3890.395 84.81132 0
3958.206 84.81132 0
4027.199 84.81132 0
4097.395 84.81132 0
4168.814 84.71698 0
4241.478 84.62264 0
4315.409 84.33962 0
4390.628 84.15094 0
4467.158 84.0566 0
4545.022 83.96227 0
4624.244 83.96227 0
4704.846 84.0566 0
4786.854 84.33962 0
4870.29 84.43396 0
4955.178 84.52831 0
5041.549 84.33962 0
5129.425 84.0566 0
5218.833 84.0566 0
5309.799 84.24529 0
5402.351 84.62264 0
5496.516 85.09434 0
5592.323 85.84906 0
5689.799 86.13207 0
5788.974 87.07547 0
5889.878 87.54717 0
5992.541 87.92453 0
6096.993 87.45283 0
6203.266 87.26415 0
6311.392 86.98113 0
6421.401 86.69811 0
6533.329 86.32076 0
6647.208 85.9434 0
6763.071 85.56604 0
6880.954 85.18868 0
7000.891 85.09434 0
7122.916 85.09434 0
7247.071 85.09434 0
7373.39 85.28302 0
7501.911 85.56604 0
7632.672 85.9434 0
7765.712 86.22642 0
7901.072 86.50944 0
8038.791 86.50944 0
8178.91 86.13207 0
8321.471 85.66038 0
8466.518 85.28302 0
8614.092 84.62264 0
8764.239 83.96227 0
8917.003 82.73585 0
9072.43 82.07547 0
9230.565 81.41509 0
9391.458 80.47169 0
9555.154 79.52831 0
9721.705 78.86793 0
9891.157 78.67924 0
10063.56 78.86793 0
10238.97 78.96227 0
10417.45 78.86793 0
10599.02 78.01887 0
10783.77 77.83018 0
10971.73 77.54717 0
11162.98 77.26415 0
11357.55 76.22642 0
11555.52 75.28302 0
11756.93 74.33962 0
11961.86 74.0566 0
12170.36 72.64151 0
12382.48 72.83018 0
12598.32 73.96227 0
12817.91 75.37736 0
13041.34 75.18868 0
13268.65 74.62264 0
13499.93 73.86793 0
13735.23 72.26415 0
13974.65 71.79245 0
14218.22 71.41509 0
14466.06 71.03773 0
14718.2 70.56604 0
14974.75 69.52831 0
15235.76 68.96227 0
15501.34 68.67924 0
15771.52 69.0566 0
16046.43 69.71698 0
16326.12 70.28302 0
16610.7 70 0
16900.22 69.52831 0
17194.81 69.15094 0
17494.51 68.49056 0
17799.46 67.64151 0
18109.7 67.07547 0
18425.35 66.60378 0
18746.52 66.22642 0
19073.27 65.9434 0
19405.73 65.56604 0
19743.97 65.18868 0
