    20.0	    66.6	  163.79
    20.3	    66.6	  163.57
    20.5	    66.6	  163.40
    20.8	    66.7	  163.22
    21.1	    66.7	  163.04
    21.3	    66.8	  162.86
    21.6	    66.8	  162.68
    21.9	    66.9	  162.49
    22.2	    66.9	  162.31
    22.4	    67.0	  162.12
    22.7	    67.0	  161.93
    23.0	    67.1	  161.74
    23.3	    67.1	  161.54
    23.6	    67.2	  161.34
    23.9	    67.2	  161.14
    24.2	    67.3	  160.94
    24.5	    67.4	  160.73
    24.9	    67.4	  160.52
    25.2	    67.5	  160.31
    25.5	    67.5	  160.09
    25.8	    67.6	  159.88
    26.2	    67.7	  159.65
    26.5	    67.7	  159.43
    26.8	    67.8	  159.20
    27.2	    67.9	  158.96
    27.5	    67.9	  158.72
    27.9	    68.0	  158.48
    28.3	    68.1	  158.24
    28.6	    68.1	  157.99
    29.0	    68.2	  157.73
    29.4	    68.3	  157.48
    29.7	    68.3	  157.22
    30.1	    68.4	  156.96
    30.5	    68.5	  156.69
    30.9	    68.6	  156.42
    31.3	    68.7	  156.15
    31.7	    68.7	  155.88
    32.1	    68.8	  155.60
    32.5	    68.9	  155.31
    32.9	    69.0	  155.03
    33.4	    69.1	  154.74
    33.8	    69.2	  154.45
    34.2	    69.2	  154.16
    34.7	    69.3	  153.86
    35.1	    69.4	  153.56
    35.6	    69.5	  153.26
    36.0	    69.6	  152.96
    36.5	    69.7	  152.66
    37.0	    69.8	  152.35
    37.4	    69.9	  152.04
    37.9	    70.0	  151.73
    38.4	    70.1	  151.40
    38.9	    70.2	  151.08
    39.4	    70.3	  150.76
    39.9	    70.4	  150.43
    40.4	    70.5	  150.10
    40.9	    70.6	  149.76
    41.5	    70.7	  149.43
    42.0	    70.8	  149.09
    42.5	    71.0	  148.74
    43.1	    71.1	  148.39
    43.6	    71.2	  148.04
    44.2	    71.3	  147.68
    44.8	    71.4	  147.32
    45.4	    71.5	  146.95
    45.9	    71.6	  146.57
    46.5	    71.8	  146.19
    47.1	    71.9	  145.80
    47.7	    72.0	  145.41
    48.3	    72.1	  145.02
    49.0	    72.2	  144.61
    49.6	    72.3	  144.21
    50.2	    72.5	  143.79
    50.9	    72.6	  143.37
    51.5	    72.7	  142.95
    52.2	    72.8	  142.52
    52.9	    73.0	  142.09
    53.6	    73.1	  141.65
    54.2	    73.2	  141.21
    54.9	    73.4	  140.76
    55.7	    73.5	  140.31
    56.4	    73.6	  139.86
    57.1	    73.8	  139.40
    57.8	    73.9	  138.93
    58.6	    74.0	  138.46
    59.3	    74.2	  137.99
    60.1	    74.3	  137.51
    60.9	    74.4	  137.04
    61.6	    74.6	  136.55
    62.4	    74.7	  136.07
    63.2	    74.9	  135.57
    64.1	    75.0	  135.08
    64.9	    75.1	  134.57
    65.7	    75.3	  134.06
    66.6	    75.4	  133.54
    67.4	    75.6	  133.01
    68.3	    75.7	  132.47
    69.2	    75.8	  131.92
    70.1	    76.0	  131.36
    71.0	    76.1	  130.79
    71.9	    76.3	  130.22
    72.8	    76.4	  129.63
    73.7	    76.6	  129.04
    74.7	    76.7	  128.44
    75.7	    76.9	  127.83
    76.6	    77.0	  127.22
    77.6	    77.2	  126.60
    78.6	    77.3	  125.98
    79.6	    77.4	  125.35
    80.6	    77.6	  124.73
    81.7	    77.7	  124.09
    82.7	    77.9	  123.45
    83.8	    78.0	  122.79
    84.9	    78.2	  122.14
    86.0	    78.3	  121.47
    87.1	    78.5	  120.80
    88.2	    78.6	  120.12
    89.3	    78.8	  119.43
    90.5	    78.9	  118.73
    91.7	    79.0	  118.02
    92.8	    79.2	  117.29
    94.0	    79.3	  116.56
    95.2	    79.5	  115.82
    96.5	    79.6	  115.07
    97.7	    79.8	  114.31
    99.0	    79.9	  113.55
   100.2	    80.0	  112.78
   101.5	    80.2	  112.00
   102.8	    80.3	  111.21
   104.2	    80.5	  110.42
   105.5	    80.6	  109.62
   106.9	    80.7	  108.80
   108.2	    80.9	  107.97
   109.6	    81.0	  107.13
   111.0	    81.2	  106.29
   112.5	    81.3	  105.45
   113.9	    81.4	  104.59
   115.4	    81.6	  103.73
   116.9	    81.7	  102.86
   118.4	    81.8	  101.99
   119.9	    81.9	  101.09
   121.4	    82.1	  100.18
   123.0	    82.2	   99.25
   124.6	    82.3	   98.33
   126.2	    82.4	   97.40
   127.8	    82.5	   96.46
   129.5	    82.7	   95.52
   131.1	    82.8	   94.57
   132.8	    82.9	   93.60
   134.5	    83.0	   92.62
   136.3	    83.1	   91.63
   138.0	    83.2	   90.64
   139.8	    83.3	   89.63
   141.6	    83.4	   88.64
   143.4	    83.5	   87.65
   145.3	    83.6	   86.65
   147.1	    83.7	   85.65
   149.0	    83.8	   84.63
   150.9	    83.9	   83.59
   152.9	    84.0	   82.53
   154.9	    84.1	   81.46
   156.8	    84.2	   80.40
   158.9	    84.3	   79.34
   160.9	    84.3	   78.29
   163.0	    84.4	   77.24
   165.1	    84.5	   76.17
   167.2	    84.5	   75.09
   169.4	    84.6	   74.01
   171.5	    84.7	   72.92
   173.7	    84.7	   71.83
   176.0	    84.8	   70.75
   178.3	    84.8	   69.66
   180.5	    84.9	   68.58
   182.9	    84.9	   67.48
   185.2	    84.9	   66.39
   187.6	    85.0	   65.34
   190.0	    85.0	   64.27
   192.5	    85.0	   63.23
   194.9	    85.0	   62.17
   197.5	    85.0	   61.11
   200.0	    85.1	   60.06
   202.6	    85.1	   59.00
   205.2	    85.1	   57.99
   207.8	    85.1	   56.99
   210.5	    85.0	   56.01
   213.2	    85.0	   55.04
   216.0	    85.0	   54.07
   218.7	    85.0	   53.16
   221.6	    85.0	   52.24
   224.4	    84.9	   51.38
   227.3	    84.9	   50.53
   230.2	    84.8	   49.71
   233.2	    84.8	   48.89
   236.2	    84.7	   48.12
   239.2	    84.7	   47.41
   242.3	    84.6	   46.75
   245.4	    84.6	   46.12
   248.6	    84.5	   45.52
   251.8	    84.4	   44.98
   255.0	    84.3	   44.50
   258.3	    84.3	   44.07
   261.6	    84.2	   43.70
   265.0	    84.1	   43.39
   268.4	    84.0	   43.17
   271.9	    84.0	   42.95
   275.4	    83.9	   42.80
   278.9	    83.8	   42.68
   282.5	    83.8	   42.65
   286.1	    83.7	   42.66
   289.8	    83.6	   42.72
   293.6	    83.6	   42.83
   297.3	    83.6	   42.98
   301.2	    83.5	   43.16
   305.0	    83.5	   43.34
   309.0	    83.5	   43.53
   313.0	    83.5	   43.75
   317.0	    83.5	   43.97
   321.1	    83.5	   44.19
   325.2	    83.5	   44.39
   329.4	    83.5	   44.56
   333.6	    83.6	   44.69
   337.9	    83.6	   44.79
   342.3	    83.7	   44.87
   346.7	    83.7	   44.90
   351.1	    83.7	   44.86
   355.7	    83.8	   44.78
   360.2	    83.8	   44.66
   364.9	    83.9	   44.48
   369.6	    83.9	   44.27
   374.3	    84.0	   44.06
   379.2	    84.0	   43.79
   384.0	    84.0	   43.50
   389.0	    84.0	   43.20
   394.0	    84.0	   42.87
   399.1	    84.1	   42.54
   404.2	    84.1	   42.21
   409.4	    84.0	   41.88
   414.7	    84.0	   41.56
   420.0	    84.0	   41.30
   425.4	    84.0	   41.11
   430.9	    83.9	   40.90
   436.4	    83.9	   40.77
   442.1	    83.8	   40.68
   447.8	    83.8	   40.68
   453.5	    83.7	   40.74
   459.4	    83.7	   40.85
   465.3	    83.7	   41.03
   471.3	    83.6	   41.26
   477.3	    83.6	   41.54
   483.5	    83.6	   42.11
   489.7	    83.5	   42.48
   496.0	    83.5	   42.86
   502.4	    83.5	   43.27
   508.9	    83.6	   43.65
   515.4	    83.6	   44.11
   522.0	    83.6	   44.54
   528.8	    83.7	   44.78
   535.6	    83.7	   44.99
   542.5	    83.7	   45.12
   549.4	    83.8	   45.26
   556.5	    83.8	   45.38
   563.7	    83.8	   45.43
   570.9	    83.9	   45.54
   578.3	    83.9	   45.61
   585.7	    83.9	   45.66
   593.3	    83.9	   45.70
   600.9	    83.9	   45.82
   608.7	    83.9	   45.99
   616.5	    83.9	   46.10
   624.4	    83.9	   46.23
   632.5	    83.9	   46.45
   640.6	    84.0	   46.66
   648.9	    84.0	   46.80
   657.2	    84.0	   46.95
   665.7	    84.0	   47.09
   674.2	    84.1	   47.11
   682.9	    84.1	   47.12
   691.7	    84.1	   47.04
   700.6	    84.1	   46.85
   709.6	    84.1	   46.59
   718.8	    84.1	   46.29
   728.0	    84.1	   45.96
   737.4	    84.0	   45.72
   746.9	    83.9	   45.51
   756.5	    83.8	   45.45
   766.2	    83.7	   45.56
   776.1	    83.5	   45.93
   786.1	    83.3	   46.88
   796.2	    83.1	   47.92
   806.5	    83.0	   49.28
   816.9	    82.9	   51.45
   827.4	    82.9	   53.21
   838.0	    83.0	   54.99
   848.8	    83.2	   57.14
   859.7	    83.4	   58.79
   870.8	    83.7	   59.79
   882.0	    84.0	   60.08
   893.4	    84.2	   59.97
   904.9	    84.4	   59.34
   916.5	    84.6	   58.25
   928.3	    84.7	   56.89
   940.3	    84.8	   55.38
   952.4	    84.7	   53.94
   964.7	    84.6	   52.72
   977.1	    84.4	   51.86
   989.7	    84.1	   51.47
  1002.4	    83.8	   51.63
  1015.3	    83.6	   52.37
  1028.4	    83.4	   53.58
  1041.6	    83.2	   55.08
  1055.0	    83.1	   56.98
  1068.6	    83.1	   58.60
  1082.4	    83.2	   59.52
  1096.3	    83.2	   60.13
  1110.4	    83.2	   60.54
  1124.7	    83.1	   60.90
  1139.2	    83.0	   61.37
  1153.8	    82.8	   62.47
  1168.7	    82.6	   64.22
  1183.7	    82.5	   66.62
  1199.0	    82.5	   69.30
  1214.4	    82.7	   71.71
  1230.1	    83.0	   73.44
  1245.9	    83.3	   74.19
  1261.9	    83.5	   74.15
  1278.2	    83.6	   73.46
  1294.6	    83.7	   72.36
  1311.3	    83.5	   71.65
  1328.2	    83.3	   71.58
  1345.3	    83.0	   72.52
  1362.6	    82.8	   74.66
  1380.2	    82.7	   77.41
  1397.9	    82.8	   79.53
  1415.9	    83.0	   81.02
  1434.1	    83.2	   81.87
  1452.6	    83.3	   81.95
  1471.3	    83.3	   81.83
  1490.3	    83.1	   82.43
  1509.4	    82.9	   84.39
  1528.9	    82.8	   87.10
  1548.6	    82.9	   89.90
  1568.5	    83.3	   91.82
  1588.7	    83.7	   92.13
  1609.1	    83.9	   90.85
  1629.9	    83.9	   89.16
  1650.8	    83.6	   87.75
  1672.1	    83.0	   88.33
  1693.6	    82.5	   92.05
  1715.4	    82.4	   97.95
  1737.5	    82.9	  103.16
  1759.9	    83.9	  105.30
  1782.5	    84.6	  103.79
  1805.5	    84.9	  100.22
  1828.7	    84.9	   95.50
  1852.3	    84.4	   91.81
  1876.1	    83.7	   90.53
  1900.3	    82.9	   91.88
  1924.7	    82.3	   95.88
  1949.5	    82.0	  100.60
  1974.6	    81.9	  104.99
  2000.0	    81.9	  108.69
  2025.8	    82.0	  112.30
  2051.9	    82.2	  115.89
  2078.3	    82.6	  118.13
  2105.0	    83.1	  117.88
  2132.1	    83.1	  115.60
  2159.6	    82.6	  113.73
  2187.4	    81.5	  115.62
  2215.6	    80.7	  124.25
  2244.1	    81.2	  136.36
  2273.0	    82.4	  141.74
  2302.2	    83.5	  140.95
  2331.9	    83.9	  137.46
  2361.9	    83.8	  135.03
  2392.3	    83.3	  136.03
  2423.1	    83.2	  139.66
  2454.3	    83.4	  142.76
  2485.9	    83.7	  143.83
  2517.9	    83.7	  144.18
  2550.3	    83.6	  145.68
  2583.2	    83.5	  148.91
  2616.4	    83.8	  151.91
  2650.1	    84.1	  153.30
  2684.2	    84.2	  153.93
  2718.8	    84.3	  154.80
  2753.8	    84.3	  155.85
  2789.2	    84.3	  156.41
  2825.1	    84.0	  157.31
  2861.5	    83.6	  160.52
  2898.3	    83.6	  165.92
  2935.7	    84.0	  170.43
  2973.5	    84.5	  172.40
  3011.7	    84.7	  173.25
  3050.5	    84.9	  174.30
  3089.8	    85.0	  175.03
  3129.6	    84.9	  175.65
  3169.9	    84.7	  178.17
  3210.7	    84.7	 -176.81
  3252.0	    85.4	 -173.50
  3293.9	    85.9	 -174.74
  3336.3	    85.7	 -176.36
  3379.2	    85.3	 -174.24
  3422.7	    85.3	 -170.47
  3466.8	    85.5	 -168.81
  3511.4	    85.3	 -166.90
  3556.6	    85.4	 -162.17
  3602.4	    86.1	 -159.93
  3648.8	    86.3	 -162.37
  3695.8	    85.6	 -162.87
  3743.4	    85.2	 -156.48
  3791.6	    85.8	 -150.48
  3840.4	    86.4	 -151.11
  3889.8	    86.2	 -152.39
  3939.9	    85.8	 -150.40
  3990.6	    85.7	 -146.85
  4042.0	    85.7	 -142.73
  4094.0	    86.0	 -139.28
  4146.7	    86.2	 -138.38
  4200.1	    86.1	 -137.14
  4254.2	    86.0	 -133.72
  4309.0	    86.2	 -131.71
  4364.4	    86.0	 -130.70
  4420.6	    85.7	 -126.41
  4477.5	    86.0	 -121.85
  4535.2	    86.2	 -121.22
  4593.6	    85.7	 -119.18
  4652.7	    85.5	 -112.80
  4712.6	    85.8	 -107.45
  4773.3	    86.1	 -104.31
  4834.7	    86.3	 -100.25
  4897.0	    86.6	  -97.09
  4960.0	    86.7	  -94.33
  5023.9	    87.0	  -88.75
  5088.6	    87.8	  -86.16
  5154.1	    88.2	  -86.36
  5220.4	    88.4	  -84.55
  5287.7	    88.7	  -82.67
  5355.7	    89.2	  -81.36
  5424.7	    89.7	  -83.04
  5494.5	    89.6	  -86.46
  5565.3	    89.2	  -86.24
  5636.9	    89.0	  -85.77
  5709.5	    88.5	  -85.69
  5783.0	    87.7	  -82.40
  5857.4	    87.4	  -75.24
  5932.8	    87.9	  -70.47
  6009.2	    88.2	  -68.26
  6086.6	    88.5	  -67.16
  6165.0	    88.5	  -66.76
  6244.3	    88.8	  -66.21
  6324.7	    88.6	  -70.34
  6406.1	    87.8	  -70.68
  6488.6	    87.3	  -70.76
  6572.2	    86.3	  -71.31
  6656.8	    85.1	  -69.40
  6742.5	    83.4	  -64.06
  6829.3	    82.0	  -48.86
  6917.2	    82.5	  -35.39
  7006.2	    82.7	  -25.43
  7096.4	    83.7	  -18.94
  7187.8	    84.0	  -14.04
  7280.3	    84.8	  -10.55
  7374.1	    85.1	   -8.76
  7469.0	    85.3	   -8.48
  7565.2	    85.3	   -7.38
  7662.6	    85.1	   -7.42
  7761.2	    84.8	   -6.21
  7861.1	    84.0	   -3.57
  7962.3	    83.8	   -0.32
  8064.9	    83.0	    3.96
  8168.7	    82.9	    8.78
  8273.9	    82.5	   11.26
  8380.4	    81.7	   14.87
  8488.3	    81.0	   19.34
  8597.5	    80.1	   26.57
  8708.2	    79.4	   35.56
  8820.4	    79.4	   43.04
  8933.9	    79.0	   49.41
  9048.9	    78.7	   57.13
  9165.4	    78.4	   61.63
  9283.4	    77.7	   70.96
  9402.9	    77.5	   79.65
  9524.0	    77.3	   89.36
  9646.6	    77.5	   97.92
  9770.8	    77.5	  101.82
  9896.6	    77.3	  109.78
 10024.0	    77.0	  116.08
 10153.1	    76.8	  122.65
 10283.8	    76.7	  129.44
 10416.2	    76.0	  134.72
 10550.3	    75.6	  143.76
 10686.1	    75.1	  154.22
 10823.7	    74.9	  163.68
 10963.0	    75.0	  171.54
 11104.2	    74.7	 -178.82
 11247.1	    74.7	 -171.15
 11391.9	    74.9	 -162.42
 11538.6	    74.9	 -157.67
 11687.1	    74.4	 -151.96
 11837.6	    73.9	 -145.33
 11990.0	    73.5	 -135.54
 12144.4	    73.1	 -129.87
 12300.7	    72.4	 -123.10
 12459.1	    71.0	 -114.98
 12619.5	    69.5	 -100.27
 12782.0	    70.2	  -60.52
 12946.5	    74.3	  -70.28
 13113.2	    72.2	  -73.24
 13282.0	    71.2	  -63.07
 13453.0	    71.1	  -51.87
 13626.2	    70.6	  -47.01
 13801.7	    69.9	  -39.65
 13979.3	    68.9	  -27.02
 14159.3	    68.5	  -16.28
 14341.6	    68.7	   -3.77
 14526.2	    68.1	   -1.24
 14713.3	    66.8	    7.07
 14902.7	    65.6	   18.97
 15094.6	    64.0	   32.35
 15288.9	    63.0	   51.05
 15485.7	    62.7	   71.39
 15685.1	    62.5	   87.07
 15887.0	    62.5	  101.74
 16091.6	    62.4	  117.62
 16298.7	    62.5	  131.36
 16508.6	    62.4	  140.16
 16721.1	    61.8	  151.98
 16936.4	    60.8	  162.77
 17154.4	    59.0	  174.21
 17375.3	    56.6	 -168.73
 17599.0	    53.7	 -135.09
 17825.5	    54.1	  -92.55
 18055.0	    55.6	  -56.59
 18287.5	    58.7	  -30.86
 18522.9	    61.1	  -16.44
 18761.4	    63.7	   -0.81
 19002.9	    66.0	    3.02
 19247.6	    66.9	    7.88
 19495.4	    67.7	   11.79
 19746.4	    68.1	   13.95
