1000 85 0
1018.66 85.58823 0
1037.669 86.17647 0
1057.032 87.05882 0
1076.757 87.64706 0
1096.85 88.23529 0
1117.317 88.82353 0
1138.167 89.55882 0
1159.406 90 0
1181.04 90.73529 0
1203.079 91.32353 0
1225.529 92.05882 0
1248.398 92.64706 0
1271.694 93.38235 0
1295.423 93.82353 0
1319.597 94.11765 0
1344.221 94.41177 0
1369.305 94.55882 0
1394.857 94.55882 0
1420.885 94.55882 0
1447.399 94.70588 0
1474.408 94.55882 0
1501.921 94.55882 0
1529.948 94.41177 0
1558.497 94.41177 0
1587.579 94.41177 0
1617.204 94.55882 0
1647.382 94.55882 0
1678.123 94.70588 0
1709.437 94.70588 0
1741.336 94.85294 0
1773.829 94.85294 0
1806.93 94.70588 0
1840.648 94.55882 0
1874.996 94.55882 0
1909.984 94.41177 0
1945.624 94.41177 0
1981.93 94.41177 0
2018.914 94.55882 0
2056.588 94.85294 0
2094.965 95.14706 0
2134.058 95.44118 0
2173.879 95.88235 0
2214.445 96.32353 0
2255.768 96.61765 0
2297.861 97.05882 0
2340.741 97.35294 0
2384.419 97.64706 0
2428.913 97.5 0
2474.238 97.20588 0
2520.408 96.76471 0
2567.44 96.32353 0
2615.35 95.88235 0
2664.152 95.44118 0
2713.867 95.14706 0
2764.509 95 0
2816.096 94.85294 0
2868.646 95.14706 0
2922.174 95.44118 0
2976.703 95.58823 0
3032.25 95.58823 0
3088.833 95.44118 0
3146.473 95 0
3205.187 94.70588 0
3264.996 94.26471 0
3325.922 94.11765 0
3387.986 94.11765 0
3451.207 94.26471 0
3515.608 94.55882 0
3581.209 94.85294 0
3648.036 95.29412 0
3716.111 95.14706 0
3785.455 95 0
3856.094 95 0
3928.05 95.14706 0
4001.347 95.44118 0
4076.014 95.58823 0
4152.075 95.88235 0
4229.554 96.02941 0
4308.48 95.73529 0
4388.876 95.29412 0
4470.774 94.85294 0
4554.201 94.55882 0
4639.185 94.26471 0
4725.754 94.26471 0
4813.939 94.41177 0
4903.767 94.26471 0
4995.273 93.82353 0
5088.488 93.08823 0
5183.441 92.64706 0
5280.167 92.35294 0
5378.695 92.05882 0
5479.063 92.05882 0
5581.306 92.05882 0
5685.456 91.76471 0
5791.549 91.47059 0
5899.622 91.61765 0
6009.708 92.05882 0
6121.853 92.35294 0
6236.089 92.5 0
6352.458 92.64706 0
6470.998 92.94118 0
6591.746 93.38235 0
6714.751 93.67647 0
6840.052 93.97059 0
6967.691 94.26471 0
7097.711 94.41177 0
7230.158 94.41177 0
7365.072 94.70588 0
7502.508 95 0
7642.508 95.14706 0
7785.122 95.14706 0
7930.396 95 0
8078.376 94.85294 0
8229.123 94.55882 0
8382.682 94.26471 0
8539.107 94.11765 0
8698.451 94.11765 0
8860.769 94.26471 0
9026.109 94.41177 0
9194.541 94.55882 0
9366.116 94.70588 0
9540.893 95 0
9718.93 95.44118 0
9900.284 95.88235 0
10085.03 96.32353 0
10273.23 96.17647 0
10464.92 96.17647 0
10660.2 96.17647 0
10859.12 96.02941 0
11061.76 95.73529 0
11268.18 95.44118 0
11478.45 95.14706 0
11692.64 94.85294 0
11910.83 94.55882 0
12133.09 94.41177 0
12359.5 94.41177 0
12590.14 94.55882 0
12825.06 94.85294 0
13064.38 95 0
13308.17 95.29412 0
13556.51 95.58823 0
13809.48 95.73529 0
14067.17 96.02941 0
14329.67 96.32353 0
14597.07 96.61765 0
14869.46 96.91177 0
15146.93 97.20588 0
15429.58 97.20588 0
15717.48 97.35294 0
16010.78 97.35294 0
16309.55 97.35294 0
16613.89 97.35294 0
16923.92 97.20588 0
17239.72 97.05882 0
17561.43 96.76471 0
17889.13 96.32353 0
18222.95 95.88235 0
18563 95.29412 0
18909.39 94.85294 0
19262.23 94.70588 0
19621.67 94.55882 0
19987.82 94.26471 0
20360.81 93.97059 0
20740.75 93.67647 0
21127.78 93.23529 0
21522.04 93.08823 0
21923.65 93.08823 0
22332.75 93.23529 0
22749.49 93.52941 0
23174.01 93.52941 0
23606.42 93.38235 0
24046.93 92.94118 0
24495.66 92.20588 0
24952.76 91.91177 0
25418.39 91.61765 0
25892.71 91.32353 0
26375.88 91.61765 0
26868.07 92.05882 0
27369.44 92.35294 0
27880.16 92.5 0
28400.42 92.5 0
28930.36 92.5 0
29470.21 92.5 0
30020.14 92.35294 0
30580.33 91.91177 0
31150.97 92.05882 0
31732.27 92.05882 0
32324.41 92.20588 0
32927.59 92.35294 0
33542.04 92.35294 0
34167.95 92.35294 0
34805.54 92.20588 0
35454.99 91.76471 0
36116.6 91.47059 0
36790.55 91.61765 0
37477.08 91.76471 0
38176.42 92.05882 0
38888.81 92.35294 0
39614.5 92.05882 0
