398.1458 67.15569 0
400.0001 67.06586 0
403.7342 67.42515 0
407.5032 67.60479 0
411.3076 67.96407 0
415.1473 68.23354 0
419.0228 68.41317 0
422.9348 68.68263 0
426.883 68.9521 0
430.8681 69.22156 0
434.8906 69.4012 0
438.9505 69.58084 0
443.0485 69.76048 0
447.1845 70.47904 0
451.3591 70.47904 0
455.5729 70.47904 0
459.8258 70.7485 0
464.1185 71.10779 0
468.4514 71.28742 0
472.8246 71.46706 0
477.2385 71.64671 0
481.694 71.91617 0
486.1907 72.09581 0
490.7298 72.36527 0
495.3109 72.63473 0
499.9348 72.81437 0
504.6021 72.81437 0
509.3127 72.81437 0
514.0673 72.81437 0
518.8666 72.90419 0
523.7104 73.08383 0
528.5994 73.17365 0
533.5343 73.17365 0
538.515 73.26347 0
543.5422 73.26347 0
548.6167 73.26347 0
553.7382 73.26347 0
558.9078 73.26347 0
564.1254 73.26347 0
569.3917 73.26347 0
574.7075 73.71258 0
580.0726 73.71258 0
585.4877 73.71258 0
590.9538 73.71258 0
596.4705 73.71258 0
602.0388 73.71258 0
607.6594 73.89221 0
613.332 73.98203 0
619.0577 74.16167 0
624.8372 74.2515 0
630.6702 74.34132 0
636.558 74.43114 0
642.5005 74.52096 0
648.4985 74.52096 0
654.5528 74.79042 0
660.6633 74.97006 0
666.8307 75.23952 0
673.0562 75.5988 0
679.3394 76.22755 0
685.6813 76.31737 0
692.0827 76.58683 0
698.5435 76.94611 0
705.0646 76.94611 0
711.647 77.39521 0
718.2905 77.75449 0
724.9963 77.93414 0
731.7645 78.20359 0
738.5957 78.47305 0
745.4911 78.74252 0
752.4506 78.56287 0
759.4749 78.56287 0
766.5652 78.47305 0
773.7214 78.38323 0
780.9443 78.20359 0
788.2352 78.20359 0
795.5936 78.20359 0
803.0207 78.20359 0
810.5176 78.20359 0
818.084 78.20359 0
825.7216 78.20359 0
833.43 78.47305 0
841.2103 78.74252 0
849.0637 79.01198 0
856.9901 79.19162 0
864.9903 79.37125 0
873.0657 79.46107 0
881.2161 79.82036 0
889.4426 80.17964 0
897.7463 80.35928 0
906.127 80.71856 0
914.586 80.8982 0
923.1245 81.25748 0
931.7421 81.25748 0
940.4408 81.52695 0
949.2201 81.88623 0
958.0814 82.33533 0
967.0259 82.51497 0
976.0534 82.96407 0
985.1652 83.41317 0
994.3625 83.68263 0
1003.645 83.86227 0
1013.015 83.86227 0
1022.472 83.86227 0
1032.017 83.77245 0
1041.651 83.41317 0
1051.376 83.23354 0
1061.191 82.87425 0
1071.098 82.42515 0
1081.097 82.06586 0
1091.19 81.61677 0
1101.377 80.35928 0
1111.658 80.35928 0
1122.036 79.82036 0
1132.511 79.82036 0
1143.084 79.82036 0
1153.755 79.91018 0
1164.526 80.17964 0
1175.397 80.4491 0
1186.371 80.71856 0
1197.446 81.16766 0
1208.624 81.70659 0
1219.908 81.88623 0
1231.296 81.97605 0
1242.791 82.15569 0
1254.393 82.15569 0
1266.104 82.15569 0
1277.923 82.15569 0
1289.854 82.06586 0
1301.895 81.97605 0
1314.048 81.70659 0
1326.316 81.52695 0
1338.698 81.61677 0
1351.196 81.79641 0
1363.809 81.97605 0
1376.541 82.24551 0
1389.392 82.69461 0
1402.363 83.14371 0
1415.454 83.50299 0
1428.669 84.04192 0
1442.006 84.4012 0
1455.467 84.4012 0
1469.056 84.67066 0
1482.77 84.76048 0
1496.612 84.94012 0
1510.584 84.94012 0
1524.686 84.94012 0
1538.92 84.94012 0
1553.286 85.02994 0
1567.787 85.20958 0
1582.423 85.20958 0
1597.196 85.47904 0
1612.106 85.56886 0
1627.157 85.56886 0
1642.347 85.56886 0
1657.678 85.83833 0
1673.154 86.01797 0
1688.774 86.46706 0
1704.539 86.55688 0
1720.452 86.55688 0
1736.513 86.73653 0
1752.725 87.00599 0
1769.088 87.00599 0
1785.603 86.82635 0
1802.273 86.55688 0
1819.098 86.46706 0
1836.079 86.37724 0
1853.221 86.37724 0
1870.521 86.28742 0
1887.983 86.01797 0
1905.609 86.01797 0
1923.399 86.01797 0
1941.354 86.01797 0
1959.478 86.01797 0
1977.771 86.10779 0
1996.235 86.1976 0
2014.87 86.28742 0
2033.68 86.46706 0
2052.666 86.55688 0
2071.828 86.55688 0
2091.17 86.82635 0
2110.693 87.27545 0
2130.396 87.72455 0
2150.284 88.08383 0
2170.359 88.44312 0
2190.62 88.71258 0
2211.071 89.2515 0
2231.713 89.43114 0
2252.547 89.7006 0
2273.576 89.7006 0
2294.801 89.88024 0
2316.223 89.88024 0
2337.847 90.05988 0
2359.672 90.23952 0
2381.7 90.41916 0
2403.935 90.41916 0
2426.377 90.32934 0
2449.028 90.23952 0
2471.892 90.1497 0
2494.968 89.97006 0
2518.259 89.97006 0
2541.769 89.7006 0
2565.497 88.98203 0
2589.448 88.71258 0
2613.622 88.35329 0
2638.021 88.08383 0
2662.649 87.90419 0
2687.506 87.99401 0
2712.595 87.99401 0
2737.919 87.99401 0
2763.479 88.08383 0
2789.276 88.62276 0
2815.317 88.8024 0
2841.599 88.98203 0
2868.127 89.07185 0
2894.902 89.16167 0
2921.927 89.34132 0
2949.206 89.52096 0
2976.738 89.52096 0
3004.527 89.52096 0
3032.576 89.52096 0
3060.886 89.52096 0
3089.461 89.52096 0
3118.304 89.52096 0
3147.414 89.43114 0
3176.796 89.34132 0
3206.454 89.34132 0
3236.388 89.34132 0
3266.602 89.34132 0
3297.097 89.07185 0
3327.876 88.89221 0
3358.945 88.8024 0
3390.302 88.62276 0
3421.952 88.35329 0
3453.898 88.35329 0
3486.142 88.08383 0
3518.686 87.90419 0
3551.536 87.90419 0
3584.691 87.90419 0
3618.155 87.72455 0
3651.934 87.90419 0
3686.026 88.17365 0
3720.438 88.35329 0
3755.169 88.53294 0
3790.225 88.71258 0
3825.61 88.89221 0
3861.324 89.2515 0
3897.37 89.43114 0
3933.756 89.43114 0
3970.479 89.61078 0
4007.544 89.34132 0
4044.958 89.16167 0
4082.719 88.8024 0
4120.833 88.35329 0
4159.304 88.08383 0
4198.133 87.90419 0
4237.326 87.72455 0
4276.883 87.18563 0
4316.809 87.99401 0
4357.11 88.17365 0
4397.785 88.35329 0
4438.84 88.35329 0
4480.28 88.53294 0
4522.105 89.16167 0
4564.321 89.34132 0
4606.933 89.61078 0
4649.94 89.61078 0
4693.349 89.2515 0
4737.165 89.07185 0
4781.388 88.8024 0
4826.026 88.62276 0
4871.079 88.35329 0
4916.552 88.08383 0
4962.453 87.63473 0
5008.778 87.18563 0
5055.537 87.09581 0
5102.735 87.09581 0
5150.371 87.54491 0
5198.451 87.90419 0
5246.983 88.35329 0
5295.965 88.53294 0
5345.405 88.8024 0
5395.309 88.98203 0
5445.676 88.98203 0
5496.516 88.98203 0
5547.828 88.98203 0
5599.619 88.53294 0
5651.896 88.44312 0
5704.658 88.35329 0
5757.913 88.35329 0
5811.668 88.35329 0
5865.922 88.35329 0
5920.683 88.35329 0
5975.957 88.35329 0
6031.745 88.62276 0
6088.056 88.98203 0
6144.89 88.98203 0
6202.255 88.89221 0
6260.158 88.89221 0
6318.599 88.89221 0
6377.585 88.89221 0
6437.125 88.89221 0
6497.218 88.89221 0
6557.872 88.89221 0
6619.095 88.89221 0
6680.887 89.07185 0
6743.255 89.34132 0
6806.209 89.61078 0
6869.748 89.61078 0
6933.882 89.61078 0
6998.612 89.61078 0
7063.947 89.61078 0
7129.895 89.61078 0
7196.455 89.43114 0
7263.636 89.16167 0
7331.449 88.98203 0
7399.89 88.8024 0
7468.97 88.8024 0
7538.7 88.8024 0
7609.076 88.8024 0
7680.109 88.8024 0
7751.81 88.8024 0
7824.175 88.8024 0
7897.221 88.8024 0
7970.944 88.8024 0
8045.355 88.8024 0
8120.466 88.98203 0
8196.273 89.16167 0
8272.788 89.2515 0
8350.021 89.2515 0
8427.972 89.2515 0
8506.649 89.2515 0
8586.066 89.2515 0
8666.221 89.2515 0
8747.122 89.2515 0
8828.784 89.34132 0
8911.204 89.34132 0
8994.398 89.52096 0
9078.363 89.88024 0
9163.113 89.88024 0
9248.659 90.05988 0
9334.998 90.1497 0
9422.144 90.41916 0
9510.107 90.50898 0
9598.887 90.50898 0
9688.496 90.50898 0
9778.946 90.50898 0
9870.236 90.50898 0
9962.378 90.50898 0
10055.38 90.1497 0
10149.26 90.05988 0
10244.01 90.05988 0
10339.64 90.05988 0
10436.16 89.88024 0
10533.59 89.7006 0
10631.92 89.7006 0
10731.19 89.7006 0
10831.37 89.43114 0
10932.48 89.43114 0
11034.54 89.07185 0
11137.55 89.07185 0
11241.53 88.8024 0
11346.48 88.44312 0
11452.4 88.44312 0
11559.31 88.26347 0
11667.22 88.17365 0
11776.14 88.17365 0
11886.09 88.17365 0
11997.05 88.17365 0
12109.04 88.17365 0
12222.09 88.17365 0
12336.18 88.17365 0
12451.36 88.44312 0
12567.6 88.44312 0
12684.92 88.44312 0
12803.34 88.98203 0
12922.86 88.98203 0
13043.5 89.16167 0
13165.28 89.2515 0
13288.18 89.34132 0
13412.23 89.43114 0
13537.44 89.52096 0
13663.81 89.61078 0
13791.37 89.61078 0
13920.13 89.61078 0
14050.08 89.43114 0
14181.24 89.2515 0
14313.63 89.2515 0
14447.25 89.2515 0
14582.14 89.07185 0
14718.27 88.89221 0
14855.67 88.89221 0
14994.35 88.89221 0
15134.33 88.89221 0
15275.61 88.89221 0
15418.23 88.89221 0
15562.17 89.07185 0
15707.44 89.43114 0
15854.08 89.43114 0
16002.08 89.43114 0
16151.48 89.43114 0
16302.26 89.43114 0
16454.45 89.52096 0
16742.35 89.34132 0
17035.29 89.16167 0
17333.35 88.62276 0
17636.63 88.62276 0
17945.22 88.35329 0
18259.2 88.08383 0
18578.66 88.08383 0
18903.73 87.90419 0
19234.48 87.54491 0
19571.03 87.36527 0
